// Jest Snapshot v1, https://goo.gl/fbAQLP

exports[`Congratulation snapshot 1`] = `"<div class=\\"congratulation\\"><div class=\\"modal-window__overlay\\"></div><div class=\\"modal-window\\"><div class=\\"modal-window__wrapper centered\\"><img src=\\"[object Object]\\" class=\\"congratulation__icon\\" alt=\\"success image logo\\"><h1 class=\\"modal-window__title\\">Congratulations!</h1><button type=\\"button\\" class=\\"close-button modal-window__close large\\">Close</button><p class=\\"congratulation__text\\">The movie has been added to database successfully</p></div></div></div>"`;
